// Jest Snapshot v1, https://goo.gl/fbAQLP

exports[`CustomCheckbox checkbox with unchecked value to match snapshot 1`] = `
<span
  className="checkbox"
>
  <i
    className="check"
    style={
      Object {
        "visibility": "hidden",
      }
    }
  />
</span>
`;

exports[`CustomCheckbox default input to match snapshot 1`] = `
<span
  className="checkbox"
>
  <i
    className="check"
    style={
      Object {
        "visibility": "hidden",
      }
    }
  />
</span>
`;
